// Jest Snapshot v1, https://goo.gl/fbAQLP

exports[`Pruebas en <GifGridItem /> Debe hacer match con el snapshot 1`] = `
<div>
  <div
    class="card"
  >
    <img
      alt="Saitama"
      src="https://media1.giphy.com/media/l0Hl6qQ7zQQQQQQQ/giphy.gif"
    />
    <p>
      Saitama
    </p>
  </div>
</div>
`;
